C:\Users\kumar\OneDrive\Desktop\FEELT MANAGEMENT\backend\src\main\java\com\feelt\fleet\audit\AuditService.java
C:\Users\kumar\OneDrive\Desktop\FEELT MANAGEMENT\backend\src\main\java\com\feelt\fleet\config\CorsConfig.java
C:\Users\kumar\OneDrive\Desktop\FEELT MANAGEMENT\backend\src\main\java\com\feelt\fleet\config\DemoDataInitializer.java
C:\Users\kumar\OneDrive\Desktop\FEELT MANAGEMENT\backend\src\main\java\com\feelt\fleet\config\OpenApiConfig.java
C:\Users\kumar\OneDrive\Desktop\FEELT MANAGEMENT\backend\src\main\java\com\feelt\fleet\config\RequestIdFilter.java
C:\Users\kumar\OneDrive\Desktop\FEELT MANAGEMENT\backend\src\main\java\com\feelt\fleet\config\SecurityConfig.java
C:\Users\kumar\OneDrive\Desktop\FEELT MANAGEMENT\backend\src\main\java\com\feelt\fleet\config\SecurityDataInitializer.java
C:\Users\kumar\OneDrive\Desktop\FEELT MANAGEMENT\backend\src\main\java\com\feelt\fleet\controller\ApiInfoController.java
C:\Users\kumar\OneDrive\Desktop\FEELT MANAGEMENT\backend\src\main\java\com\feelt\fleet\controller\AuthController.java
C:\Users\kumar\OneDrive\Desktop\FEELT MANAGEMENT\backend\src\main\java\com\feelt\fleet\controller\CustomerController.java
C:\Users\kumar\OneDrive\Desktop\FEELT MANAGEMENT\backend\src\main\java\com\feelt\fleet\controller\DeliveryTaskController.java
C:\Users\kumar\OneDrive\Desktop\FEELT MANAGEMENT\backend\src\main\java\com\feelt\fleet\controller\DriverController.java
C:\Users\kumar\OneDrive\Desktop\FEELT MANAGEMENT\backend\src\main\java\com\feelt\fleet\controller\FuelController.java
C:\Users\kumar\OneDrive\Desktop\FEELT MANAGEMENT\backend\src\main\java\com\feelt\fleet\controller\GpsController.java
C:\Users\kumar\OneDrive\Desktop\FEELT MANAGEMENT\backend\src\main\java\com\feelt\fleet\controller\MaintenanceController.java
C:\Users\kumar\OneDrive\Desktop\FEELT MANAGEMENT\backend\src\main\java\com\feelt\fleet\controller\NotificationController.java
C:\Users\kumar\OneDrive\Desktop\FEELT MANAGEMENT\backend\src\main\java\com\feelt\fleet\controller\OrderController.java
C:\Users\kumar\OneDrive\Desktop\FEELT MANAGEMENT\backend\src\main\java\com\feelt\fleet\controller\ReportController.java
C:\Users\kumar\OneDrive\Desktop\FEELT MANAGEMENT\backend\src\main\java\com\feelt\fleet\controller\RouteController.java
C:\Users\kumar\OneDrive\Desktop\FEELT MANAGEMENT\backend\src\main\java\com\feelt\fleet\controller\TripController.java
C:\Users\kumar\OneDrive\Desktop\FEELT MANAGEMENT\backend\src\main\java\com\feelt\fleet\controller\UserController.java
C:\Users\kumar\OneDrive\Desktop\FEELT MANAGEMENT\backend\src\main\java\com\feelt\fleet\controller\VehicleController.java
C:\Users\kumar\OneDrive\Desktop\FEELT MANAGEMENT\backend\src\main\java\com\feelt\fleet\dto\ApiErrorResponse.java
C:\Users\kumar\OneDrive\Desktop\FEELT MANAGEMENT\backend\src\main\java\com\feelt\fleet\dto\AuthResponse.java
C:\Users\kumar\OneDrive\Desktop\FEELT MANAGEMENT\backend\src\main\java\com\feelt\fleet\dto\CoordinateRequest.java
C:\Users\kumar\OneDrive\Desktop\FEELT MANAGEMENT\backend\src\main\java\com\feelt\fleet\dto\DeliveryStopRequest.java
C:\Users\kumar\OneDrive\Desktop\FEELT MANAGEMENT\backend\src\main\java\com\feelt\fleet\dto\DispatchRequest.java
C:\Users\kumar\OneDrive\Desktop\FEELT MANAGEMENT\backend\src\main\java\com\feelt\fleet\dto\LoginRequest.java
C:\Users\kumar\OneDrive\Desktop\FEELT MANAGEMENT\backend\src\main\java\com\feelt\fleet\dto\OptimizedStopResponse.java
C:\Users\kumar\OneDrive\Desktop\FEELT MANAGEMENT\backend\src\main\java\com\feelt\fleet\dto\RegisterRequest.java
C:\Users\kumar\OneDrive\Desktop\FEELT MANAGEMENT\backend\src\main\java\com\feelt\fleet\dto\RouteOptimizationRequest.java
C:\Users\kumar\OneDrive\Desktop\FEELT MANAGEMENT\backend\src\main\java\com\feelt\fleet\dto\RouteOptimizationResponse.java
C:\Users\kumar\OneDrive\Desktop\FEELT MANAGEMENT\backend\src\main\java\com\feelt\fleet\exception\GlobalExceptionHandler.java
C:\Users\kumar\OneDrive\Desktop\FEELT MANAGEMENT\backend\src\main\java\com\feelt\fleet\exception\InvalidDispatchException.java
C:\Users\kumar\OneDrive\Desktop\FEELT MANAGEMENT\backend\src\main\java\com\feelt\fleet\exception\ResourceNotFoundException.java
C:\Users\kumar\OneDrive\Desktop\FEELT MANAGEMENT\backend\src\main\java\com\feelt\fleet\FleetManagementApplication.java
C:\Users\kumar\OneDrive\Desktop\FEELT MANAGEMENT\backend\src\main\java\com\feelt\fleet\jwt\JwtAuthenticationFilter.java
C:\Users\kumar\OneDrive\Desktop\FEELT MANAGEMENT\backend\src\main\java\com\feelt\fleet\jwt\JwtService.java
C:\Users\kumar\OneDrive\Desktop\FEELT MANAGEMENT\backend\src\main\java\com\feelt\fleet\logs\package-info.java
C:\Users\kumar\OneDrive\Desktop\FEELT MANAGEMENT\backend\src\main\java\com\feelt\fleet\mapper\package-info.java
C:\Users\kumar\OneDrive\Desktop\FEELT MANAGEMENT\backend\src\main\java\com\feelt\fleet\model\AppUser.java
C:\Users\kumar\OneDrive\Desktop\FEELT MANAGEMENT\backend\src\main\java\com\feelt\fleet\model\AuditLog.java
C:\Users\kumar\OneDrive\Desktop\FEELT MANAGEMENT\backend\src\main\java\com\feelt\fleet\model\Customer.java
C:\Users\kumar\OneDrive\Desktop\FEELT MANAGEMENT\backend\src\main\java\com\feelt\fleet\model\CustomerStatus.java
C:\Users\kumar\OneDrive\Desktop\FEELT MANAGEMENT\backend\src\main\java\com\feelt\fleet\model\DeliveryStatus.java
C:\Users\kumar\OneDrive\Desktop\FEELT MANAGEMENT\backend\src\main\java\com\feelt\fleet\model\DeliveryTask.java
C:\Users\kumar\OneDrive\Desktop\FEELT MANAGEMENT\backend\src\main\java\com\feelt\fleet\model\Driver.java
C:\Users\kumar\OneDrive\Desktop\FEELT MANAGEMENT\backend\src\main\java\com\feelt\fleet\model\DriverStatus.java
C:\Users\kumar\OneDrive\Desktop\FEELT MANAGEMENT\backend\src\main\java\com\feelt\fleet\model\FleetOrder.java
C:\Users\kumar\OneDrive\Desktop\FEELT MANAGEMENT\backend\src\main\java\com\feelt\fleet\model\FuelRecord.java
C:\Users\kumar\OneDrive\Desktop\FEELT MANAGEMENT\backend\src\main\java\com\feelt\fleet\model\GpsTracking.java
C:\Users\kumar\OneDrive\Desktop\FEELT MANAGEMENT\backend\src\main\java\com\feelt\fleet\model\MaintenanceRecord.java
C:\Users\kumar\OneDrive\Desktop\FEELT MANAGEMENT\backend\src\main\java\com\feelt\fleet\model\MaintenanceStatus.java
C:\Users\kumar\OneDrive\Desktop\FEELT MANAGEMENT\backend\src\main\java\com\feelt\fleet\model\NotificationChannel.java
C:\Users\kumar\OneDrive\Desktop\FEELT MANAGEMENT\backend\src\main\java\com\feelt\fleet\model\NotificationMessage.java
C:\Users\kumar\OneDrive\Desktop\FEELT MANAGEMENT\backend\src\main\java\com\feelt\fleet\model\NotificationStatus.java
C:\Users\kumar\OneDrive\Desktop\FEELT MANAGEMENT\backend\src\main\java\com\feelt\fleet\model\OrderStatus.java
C:\Users\kumar\OneDrive\Desktop\FEELT MANAGEMENT\backend\src\main\java\com\feelt\fleet\model\Role.java
C:\Users\kumar\OneDrive\Desktop\FEELT MANAGEMENT\backend\src\main\java\com\feelt\fleet\model\Route.java
C:\Users\kumar\OneDrive\Desktop\FEELT MANAGEMENT\backend\src\main\java\com\feelt\fleet\model\Trip.java
C:\Users\kumar\OneDrive\Desktop\FEELT MANAGEMENT\backend\src\main\java\com\feelt\fleet\model\TripStatus.java
C:\Users\kumar\OneDrive\Desktop\FEELT MANAGEMENT\backend\src\main\java\com\feelt\fleet\model\Vehicle.java
C:\Users\kumar\OneDrive\Desktop\FEELT MANAGEMENT\backend\src\main\java\com\feelt\fleet\model\VehicleStatus.java
C:\Users\kumar\OneDrive\Desktop\FEELT MANAGEMENT\backend\src\main\java\com\feelt\fleet\notification\NotificationService.java
C:\Users\kumar\OneDrive\Desktop\FEELT MANAGEMENT\backend\src\main\java\com\feelt\fleet\repository\AuditLogRepository.java
C:\Users\kumar\OneDrive\Desktop\FEELT MANAGEMENT\backend\src\main\java\com\feelt\fleet\repository\CustomerRepository.java
C:\Users\kumar\OneDrive\Desktop\FEELT MANAGEMENT\backend\src\main\java\com\feelt\fleet\repository\DeliveryTaskRepository.java
C:\Users\kumar\OneDrive\Desktop\FEELT MANAGEMENT\backend\src\main\java\com\feelt\fleet\repository\DriverRepository.java
C:\Users\kumar\OneDrive\Desktop\FEELT MANAGEMENT\backend\src\main\java\com\feelt\fleet\repository\FleetOrderRepository.java
C:\Users\kumar\OneDrive\Desktop\FEELT MANAGEMENT\backend\src\main\java\com\feelt\fleet\repository\FuelRecordRepository.java
C:\Users\kumar\OneDrive\Desktop\FEELT MANAGEMENT\backend\src\main\java\com\feelt\fleet\repository\GpsTrackingRepository.java
C:\Users\kumar\OneDrive\Desktop\FEELT MANAGEMENT\backend\src\main\java\com\feelt\fleet\repository\MaintenanceRecordRepository.java
C:\Users\kumar\OneDrive\Desktop\FEELT MANAGEMENT\backend\src\main\java\com\feelt\fleet\repository\NotificationMessageRepository.java
C:\Users\kumar\OneDrive\Desktop\FEELT MANAGEMENT\backend\src\main\java\com\feelt\fleet\repository\RoleRepository.java
C:\Users\kumar\OneDrive\Desktop\FEELT MANAGEMENT\backend\src\main\java\com\feelt\fleet\repository\RouteRepository.java
C:\Users\kumar\OneDrive\Desktop\FEELT MANAGEMENT\backend\src\main\java\com\feelt\fleet\repository\TripRepository.java
C:\Users\kumar\OneDrive\Desktop\FEELT MANAGEMENT\backend\src\main\java\com\feelt\fleet\repository\UserRepository.java
C:\Users\kumar\OneDrive\Desktop\FEELT MANAGEMENT\backend\src\main\java\com\feelt\fleet\repository\VehicleRepository.java
C:\Users\kumar\OneDrive\Desktop\FEELT MANAGEMENT\backend\src\main\java\com\feelt\fleet\scheduler\MaintenanceReminderScheduler.java
C:\Users\kumar\OneDrive\Desktop\FEELT MANAGEMENT\backend\src\main\java\com\feelt\fleet\security\FleetUserDetailsService.java
C:\Users\kumar\OneDrive\Desktop\FEELT MANAGEMENT\backend\src\main\java\com\feelt\fleet\service\AuthService.java
C:\Users\kumar\OneDrive\Desktop\FEELT MANAGEMENT\backend\src\main\java\com\feelt\fleet\service\DispatchService.java
C:\Users\kumar\OneDrive\Desktop\FEELT MANAGEMENT\backend\src\main\java\com\feelt\fleet\service\DistanceService.java
C:\Users\kumar\OneDrive\Desktop\FEELT MANAGEMENT\backend\src\main\java\com\feelt\fleet\service\RouteOptimizationService.java
C:\Users\kumar\OneDrive\Desktop\FEELT MANAGEMENT\backend\src\main\java\com\feelt\fleet\serviceImpl\package-info.java
C:\Users\kumar\OneDrive\Desktop\FEELT MANAGEMENT\backend\src\main\java\com\feelt\fleet\util\CodeGenerator.java
C:\Users\kumar\OneDrive\Desktop\FEELT MANAGEMENT\backend\src\main\java\com\feelt\fleet\validator\package-info.java
